--------------------------------------------------------------------------------
Release 14.7 Trace  (lin64)
Copyright (c) 1995-2013 Xilinx, Inc.  All rights reserved.

/opt/Xilinx/14.7/ISE_DS/ISE/bin/lin64/unwrapped/trce -intstyle ise -v 3 -s 2 -n
3 -fastpaths -xml clk_probe.twx clk_probe.ncd -o clk_probe.twr clk_probe.pcf
-ucf blink.ucf

Design file:              clk_probe.ncd
Physical constraint file: clk_probe.pcf
Device,package,speed:     xc6slx16,csg324,C,-2 (PRODUCTION 1.23 2013-10-13)
Report level:             verbose report

Environment Variable      Effect 
--------------------      ------ 
NONE                      No environment variables were set
--------------------------------------------------------------------------------

INFO:Timing:2698 - No timing constraints found, doing default enumeration.
INFO:Timing:3412 - To improve timing, see the Timing Closure User Guide (UG612).
INFO:Timing:2752 - To get complete path coverage, use the unconstrained paths 
   option. All paths that are not constrained will be reported in the 
   unconstrained paths section(s) of the report.
INFO:Timing:3339 - The clock-to-out numbers in this timing report are based on 
   a 50 Ohm transmission line loading model.  For the details of this model, 
   and for more information on accounting for different loading conditions, 
   please see the device datasheet.



Data Sheet report:
-----------------
All values displayed in nanoseconds (ns)

Setup/Hold to clock clk_in
------------+------------+------------+------------+------------+------------------+--------+
            |Max Setup to|  Process   |Max Hold to |  Process   |                  | Clock  |
Source      | clk (edge) |   Corner   | clk (edge) |   Corner   |Internal Clock(s) | Phase  |
------------+------------+------------+------------+------------+------------------+--------+
pin_in<0>   |    4.246(R)|      SLOW  |   -1.870(R)|      FAST  |clk_in_BUFGP      |   0.000|
pin_in<1>   |    3.293(R)|      SLOW  |   -1.389(R)|      FAST  |clk_in_BUFGP      |   0.000|
pin_in<2>   |    1.877(R)|      SLOW  |   -0.591(R)|      FAST  |clk_in_BUFGP      |   0.000|
pin_in<3>   |    1.657(R)|      SLOW  |   -0.516(R)|      FAST  |clk_in_BUFGP      |   0.000|
pin_in<4>   |    2.106(R)|      SLOW  |   -0.699(R)|      FAST  |clk_in_BUFGP      |   0.000|
pin_in<5>   |    2.099(R)|      SLOW  |   -0.727(R)|      FAST  |clk_in_BUFGP      |   0.000|
pin_in<6>   |    2.354(R)|      SLOW  |   -0.832(R)|      FAST  |clk_in_BUFGP      |   0.000|
pin_in<7>   |    3.260(R)|      SLOW  |   -1.439(R)|      FAST  |clk_in_BUFGP      |   0.000|
pin_in<8>   |    3.164(R)|      SLOW  |   -1.318(R)|      FAST  |clk_in_BUFGP      |   0.000|
pin_in<9>   |    1.856(R)|      SLOW  |   -0.543(R)|      FAST  |clk_in_BUFGP      |   0.000|
pin_in<10>  |    3.971(R)|      SLOW  |   -1.724(R)|      FAST  |clk_in_BUFGP      |   0.000|
pin_in<11>  |    3.411(R)|      SLOW  |   -1.521(R)|      FAST  |clk_in_BUFGP      |   0.000|
pin_in<12>  |    3.474(R)|      SLOW  |   -1.506(R)|      FAST  |clk_in_BUFGP      |   0.000|
pin_in<13>  |    3.267(R)|      SLOW  |   -1.352(R)|      FAST  |clk_in_BUFGP      |   0.000|
pin_in<14>  |    4.027(R)|      SLOW  |   -1.647(R)|      FAST  |clk_in_BUFGP      |   0.000|
pin_in<15>  |    3.181(R)|      SLOW  |   -1.296(R)|      FAST  |clk_in_BUFGP      |   0.000|
pin_in<16>  |    3.464(R)|      SLOW  |   -1.438(R)|      FAST  |clk_in_BUFGP      |   0.000|
pin_in<17>  |    2.922(R)|      SLOW  |   -1.138(R)|      FAST  |clk_in_BUFGP      |   0.000|
pin_in<18>  |    2.646(R)|      SLOW  |   -0.945(R)|      FAST  |clk_in_BUFGP      |   0.000|
pin_in<19>  |    3.081(R)|      SLOW  |   -1.220(R)|      FAST  |clk_in_BUFGP      |   0.000|
pin_in<20>  |    2.178(R)|      SLOW  |   -0.700(R)|      FAST  |clk_in_BUFGP      |   0.000|
pin_in<21>  |    1.253(R)|      SLOW  |   -0.192(R)|      SLOW  |clk_in_BUFGP      |   0.000|
pin_in<22>  |    1.446(R)|      SLOW  |   -0.299(R)|      SLOW  |clk_in_BUFGP      |   0.000|
pin_in<23>  |    1.186(R)|      SLOW  |   -0.128(R)|      SLOW  |clk_in_BUFGP      |   0.000|
pin_in<24>  |    1.435(R)|      SLOW  |   -0.283(R)|      FAST  |clk_in_BUFGP      |   0.000|
pin_in<25>  |    1.465(R)|      SLOW  |   -0.350(R)|      FAST  |clk_in_BUFGP      |   0.000|
pin_in<26>  |    1.346(R)|      SLOW  |   -0.181(R)|      SLOW  |clk_in_BUFGP      |   0.000|
pin_in<27>  |    1.381(R)|      SLOW  |   -0.284(R)|      FAST  |clk_in_BUFGP      |   0.000|
pin_in<28>  |    1.190(R)|      SLOW  |   -0.057(R)|      SLOW  |clk_in_BUFGP      |   0.000|
pin_in<29>  |    1.487(R)|      SLOW  |   -0.422(R)|      SLOW  |clk_in_BUFGP      |   0.000|
pin_in<30>  |    1.393(R)|      SLOW  |   -0.229(R)|      SLOW  |clk_in_BUFGP      |   0.000|
pin_in<31>  |    1.718(R)|      SLOW  |   -0.554(R)|      FAST  |clk_in_BUFGP      |   0.000|
pin_in<32>  |    1.699(R)|      SLOW  |   -0.517(R)|      FAST  |clk_in_BUFGP      |   0.000|
pin_in<33>  |    1.991(R)|      SLOW  |   -0.729(R)|      FAST  |clk_in_BUFGP      |   0.000|
pin_in<34>  |    1.818(R)|      SLOW  |   -0.614(R)|      FAST  |clk_in_BUFGP      |   0.000|
pin_in<35>  |    1.687(R)|      SLOW  |   -0.571(R)|      FAST  |clk_in_BUFGP      |   0.000|
pin_in<36>  |    1.182(R)|      SLOW  |   -0.053(R)|      SLOW  |clk_in_BUFGP      |   0.000|
pin_in<37>  |    1.815(R)|      SLOW  |   -0.628(R)|      FAST  |clk_in_BUFGP      |   0.000|
pin_in<38>  |    1.713(R)|      SLOW  |   -0.522(R)|      FAST  |clk_in_BUFGP      |   0.000|
pin_in<39>  |    1.544(R)|      SLOW  |   -0.461(R)|      SLOW  |clk_in_BUFGP      |   0.000|
pin_in<40>  |    1.711(R)|      SLOW  |   -0.501(R)|      FAST  |clk_in_BUFGP      |   0.000|
pin_in<41>  |    1.248(R)|      SLOW  |   -0.190(R)|      SLOW  |clk_in_BUFGP      |   0.000|
pin_in<42>  |    1.243(R)|      SLOW  |   -0.105(R)|      SLOW  |clk_in_BUFGP      |   0.000|
pin_in<43>  |    1.506(R)|      SLOW  |   -0.353(R)|      FAST  |clk_in_BUFGP      |   0.000|
pin_in<44>  |    1.278(R)|      SLOW  |   -0.137(R)|      SLOW  |clk_in_BUFGP      |   0.000|
pin_in<45>  |    1.352(R)|      SLOW  |   -0.264(R)|      SLOW  |clk_in_BUFGP      |   0.000|
pin_in<46>  |    1.564(R)|      SLOW  |   -0.367(R)|      FAST  |clk_in_BUFGP      |   0.000|
pin_in<47>  |    1.537(R)|      SLOW  |   -0.371(R)|      FAST  |clk_in_BUFGP      |   0.000|
pin_in<48>  |    1.265(R)|      SLOW  |   -0.110(R)|      SLOW  |clk_in_BUFGP      |   0.000|
pin_in<49>  |    2.455(R)|      SLOW  |   -1.065(R)|      FAST  |clk_in_BUFGP      |   0.000|
pin_in<50>  |    2.583(R)|      SLOW  |   -1.065(R)|      FAST  |clk_in_BUFGP      |   0.000|
pin_in<51>  |    2.359(R)|      SLOW  |   -0.977(R)|      FAST  |clk_in_BUFGP      |   0.000|
pin_in<52>  |    2.279(R)|      SLOW  |   -0.851(R)|      FAST  |clk_in_BUFGP      |   0.000|
pin_in<53>  |    2.584(R)|      SLOW  |   -1.065(R)|      FAST  |clk_in_BUFGP      |   0.000|
pin_in<54>  |    2.591(R)|      SLOW  |   -1.058(R)|      FAST  |clk_in_BUFGP      |   0.000|
pin_in<55>  |    2.406(R)|      SLOW  |   -0.991(R)|      FAST  |clk_in_BUFGP      |   0.000|
pin_in<56>  |    2.334(R)|      SLOW  |   -0.898(R)|      FAST  |clk_in_BUFGP      |   0.000|
pin_in<57>  |    2.585(R)|      SLOW  |   -1.132(R)|      FAST  |clk_in_BUFGP      |   0.000|
pin_in<58>  |    2.735(R)|      SLOW  |   -1.132(R)|      FAST  |clk_in_BUFGP      |   0.000|
pin_in<59>  |    2.560(R)|      SLOW  |   -1.088(R)|      FAST  |clk_in_BUFGP      |   0.000|
pin_in<60>  |    2.405(R)|      SLOW  |   -0.887(R)|      FAST  |clk_in_BUFGP      |   0.000|
pin_in<61>  |    2.293(R)|      SLOW  |   -0.910(R)|      FAST  |clk_in_BUFGP      |   0.000|
pin_in<62>  |    2.443(R)|      SLOW  |   -0.943(R)|      FAST  |clk_in_BUFGP      |   0.000|
pin_in<63>  |    2.346(R)|      SLOW  |   -0.974(R)|      FAST  |clk_in_BUFGP      |   0.000|
pin_in<64>  |    2.642(R)|      SLOW  |   -1.061(R)|      FAST  |clk_in_BUFGP      |   0.000|
pin_in<65>  |    1.993(R)|      SLOW  |   -0.755(R)|      FAST  |clk_in_BUFGP      |   0.000|
pin_in<66>  |    2.483(R)|      SLOW  |   -0.963(R)|      FAST  |clk_in_BUFGP      |   0.000|
pin_in<67>  |    2.239(R)|      SLOW  |   -0.893(R)|      FAST  |clk_in_BUFGP      |   0.000|
pin_in<68>  |    2.534(R)|      SLOW  |   -0.981(R)|      FAST  |clk_in_BUFGP      |   0.000|
pin_in<69>  |    2.353(R)|      SLOW  |   -0.962(R)|      FAST  |clk_in_BUFGP      |   0.000|
pin_in<70>  |    2.172(R)|      SLOW  |   -0.700(R)|      FAST  |clk_in_BUFGP      |   0.000|
pin_in<71>  |    1.972(R)|      SLOW  |   -0.662(R)|      FAST  |clk_in_BUFGP      |   0.000|
pin_in<72>  |    1.828(R)|      SLOW  |   -0.548(R)|      FAST  |clk_in_BUFGP      |   0.000|
pin_in<73>  |    1.290(R)|      SLOW  |   -0.229(R)|      SLOW  |clk_in_BUFGP      |   0.000|
pin_in<74>  |    1.816(R)|      SLOW  |   -0.496(R)|      FAST  |clk_in_BUFGP      |   0.000|
pin_in<75>  |    1.401(R)|      SLOW  |   -0.318(R)|      SLOW  |clk_in_BUFGP      |   0.000|
pin_in<76>  |    1.452(R)|      SLOW  |   -0.273(R)|      FAST  |clk_in_BUFGP      |   0.000|
pin_in<77>  |    1.346(R)|      SLOW  |   -0.265(R)|      SLOW  |clk_in_BUFGP      |   0.000|
pin_in<78>  |    1.591(R)|      SLOW  |   -0.380(R)|      FAST  |clk_in_BUFGP      |   0.000|
pin_in<79>  |    1.624(R)|      SLOW  |   -0.475(R)|      FAST  |clk_in_BUFGP      |   0.000|
pin_in<80>  |    1.779(R)|      SLOW  |   -0.499(R)|      FAST  |clk_in_BUFGP      |   0.000|
pin_in<81>  |    1.665(R)|      SLOW  |   -0.476(R)|      FAST  |clk_in_BUFGP      |   0.000|
pin_in<82>  |    2.179(R)|      SLOW  |   -0.712(R)|      FAST  |clk_in_BUFGP      |   0.000|
pin_in<83>  |    1.606(R)|      SLOW  |   -0.429(R)|      FAST  |clk_in_BUFGP      |   0.000|
pin_in<84>  |    1.845(R)|      SLOW  |   -0.537(R)|      FAST  |clk_in_BUFGP      |   0.000|
pin_in<85>  |    1.670(R)|      SLOW  |   -0.518(R)|      FAST  |clk_in_BUFGP      |   0.000|
pin_in<86>  |    1.866(R)|      SLOW  |   -0.592(R)|      FAST  |clk_in_BUFGP      |   0.000|
pin_in<87>  |    1.717(R)|      SLOW  |   -0.597(R)|      FAST  |clk_in_BUFGP      |   0.000|
pin_in<88>  |    1.887(R)|      SLOW  |   -0.584(R)|      FAST  |clk_in_BUFGP      |   0.000|
pin_in<89>  |    1.732(R)|      SLOW  |   -0.523(R)|      FAST  |clk_in_BUFGP      |   0.000|
pin_in<90>  |    2.313(R)|      SLOW  |   -0.766(R)|      FAST  |clk_in_BUFGP      |   0.000|
pin_in<91>  |    1.932(R)|      SLOW  |   -0.676(R)|      FAST  |clk_in_BUFGP      |   0.000|
pin_in<92>  |    1.487(R)|      SLOW  |   -0.335(R)|      FAST  |clk_in_BUFGP      |   0.000|
pin_in<93>  |    1.544(R)|      SLOW  |   -0.425(R)|      FAST  |clk_in_BUFGP      |   0.000|
pin_in<94>  |    1.971(R)|      SLOW  |   -0.602(R)|      FAST  |clk_in_BUFGP      |   0.000|
pin_in<95>  |    1.780(R)|      SLOW  |   -0.566(R)|      FAST  |clk_in_BUFGP      |   0.000|
pin_in<96>  |    2.200(R)|      SLOW  |   -0.710(R)|      FAST  |clk_in_BUFGP      |   0.000|
pin_in<97>  |    1.992(R)|      SLOW  |   -0.661(R)|      FAST  |clk_in_BUFGP      |   0.000|
pin_in<98>  |    2.245(R)|      SLOW  |   -0.733(R)|      FAST  |clk_in_BUFGP      |   0.000|
pin_in<99>  |    1.995(R)|      SLOW  |   -0.641(R)|      FAST  |clk_in_BUFGP      |   0.000|
pin_in<100> |    2.881(R)|      SLOW  |   -1.189(R)|      FAST  |clk_in_BUFGP      |   0.000|
pin_in<101> |    2.990(R)|      SLOW  |   -1.350(R)|      FAST  |clk_in_BUFGP      |   0.000|
pin_in<102> |    3.444(R)|      SLOW  |   -1.545(R)|      FAST  |clk_in_BUFGP      |   0.000|
pin_in<103> |    3.103(R)|      SLOW  |   -1.358(R)|      FAST  |clk_in_BUFGP      |   0.000|
pin_in<104> |    3.706(R)|      SLOW  |   -1.648(R)|      FAST  |clk_in_BUFGP      |   0.000|
pin_in<105> |    3.508(R)|      SLOW  |   -1.598(R)|      FAST  |clk_in_BUFGP      |   0.000|
pin_in<106> |    3.663(R)|      SLOW  |   -1.635(R)|      FAST  |clk_in_BUFGP      |   0.000|
pin_in<107> |    3.223(R)|      SLOW  |   -1.478(R)|      FAST  |clk_in_BUFGP      |   0.000|
pin_in<108> |    3.317(R)|      SLOW  |   -1.448(R)|      FAST  |clk_in_BUFGP      |   0.000|
pin_in<109> |    3.145(R)|      SLOW  |   -1.405(R)|      FAST  |clk_in_BUFGP      |   0.000|
pin_in<110> |    3.632(R)|      SLOW  |   -1.624(R)|      FAST  |clk_in_BUFGP      |   0.000|
pin_in<111> |    3.641(R)|      SLOW  |   -1.655(R)|      FAST  |clk_in_BUFGP      |   0.000|
pin_in<112> |    3.732(R)|      SLOW  |   -1.735(R)|      FAST  |clk_in_BUFGP      |   0.000|
pin_in<113> |    3.567(R)|      SLOW  |   -1.627(R)|      FAST  |clk_in_BUFGP      |   0.000|
pin_in<114> |    3.928(R)|      SLOW  |   -1.906(R)|      FAST  |clk_in_BUFGP      |   0.000|
pin_in<115> |    3.850(R)|      SLOW  |   -1.774(R)|      FAST  |clk_in_BUFGP      |   0.000|
pin_in<116> |    3.437(R)|      SLOW  |   -1.497(R)|      FAST  |clk_in_BUFGP      |   0.000|
pin_in<117> |    3.317(R)|      SLOW  |   -1.400(R)|      FAST  |clk_in_BUFGP      |   0.000|
pin_in<118> |    3.719(R)|      SLOW  |   -1.569(R)|      FAST  |clk_in_BUFGP      |   0.000|
pin_in<119> |    3.116(R)|      SLOW  |   -1.234(R)|      FAST  |clk_in_BUFGP      |   0.000|
pin_in<120> |    3.803(R)|      SLOW  |   -1.756(R)|      FAST  |clk_in_BUFGP      |   0.000|
pin_in<121> |    1.962(R)|      SLOW  |   -0.622(R)|      FAST  |clk_in_BUFGP      |   0.000|
pin_in<122> |    1.794(R)|      SLOW  |   -0.514(R)|      FAST  |clk_in_BUFGP      |   0.000|
pin_in<123> |    1.789(R)|      SLOW  |   -0.517(R)|      FAST  |clk_in_BUFGP      |   0.000|
pin_in<124> |    1.747(R)|      SLOW  |   -0.434(R)|      FAST  |clk_in_BUFGP      |   0.000|
pin_in<125> |    1.751(R)|      SLOW  |   -0.469(R)|      FAST  |clk_in_BUFGP      |   0.000|
pin_in<126> |    1.539(R)|      SLOW  |   -0.365(R)|      FAST  |clk_in_BUFGP      |   0.000|
pin_in<127> |    1.513(R)|      SLOW  |   -0.343(R)|      FAST  |clk_in_BUFGP      |   0.000|
pin_in<128> |    1.624(R)|      SLOW  |   -0.339(R)|      FAST  |clk_in_BUFGP      |   0.000|
pin_in<129> |    2.882(R)|      SLOW  |   -1.140(R)|      FAST  |clk_in_BUFGP      |   0.000|
pin_in<130> |    3.129(R)|      SLOW  |   -1.203(R)|      FAST  |clk_in_BUFGP      |   0.000|
pin_in<131> |    2.977(R)|      SLOW  |   -1.143(R)|      FAST  |clk_in_BUFGP      |   0.000|
pin_in<132> |    2.683(R)|      SLOW  |   -0.942(R)|      FAST  |clk_in_BUFGP      |   0.000|
pin_in<133> |    2.796(R)|      SLOW  |   -1.057(R)|      FAST  |clk_in_BUFGP      |   0.000|
pin_in<134> |    2.689(R)|      SLOW  |   -0.945(R)|      FAST  |clk_in_BUFGP      |   0.000|
pin_in<135> |    2.543(R)|      SLOW  |   -0.873(R)|      FAST  |clk_in_BUFGP      |   0.000|
pin_in<136> |    2.510(R)|      SLOW  |   -0.924(R)|      FAST  |clk_in_BUFGP      |   0.000|
pin_in<137> |    2.719(R)|      SLOW  |   -1.147(R)|      FAST  |clk_in_BUFGP      |   0.000|
pin_in<138> |    2.878(R)|      SLOW  |   -1.150(R)|      FAST  |clk_in_BUFGP      |   0.000|
pin_in<139> |    2.901(R)|      SLOW  |   -1.176(R)|      FAST  |clk_in_BUFGP      |   0.000|
pin_in<140> |    2.894(R)|      SLOW  |   -1.123(R)|      FAST  |clk_in_BUFGP      |   0.000|
pin_in<141> |    2.878(R)|      SLOW  |   -1.059(R)|      FAST  |clk_in_BUFGP      |   0.000|
pin_in<142> |    2.356(R)|      SLOW  |   -0.794(R)|      FAST  |clk_in_BUFGP      |   0.000|
pin_in<143> |    3.170(R)|      SLOW  |   -1.394(R)|      FAST  |clk_in_BUFGP      |   0.000|
pin_in<144> |    2.626(R)|      SLOW  |   -0.981(R)|      FAST  |clk_in_BUFGP      |   0.000|
pin_in<145> |    2.859(R)|      SLOW  |   -1.053(R)|      FAST  |clk_in_BUFGP      |   0.000|
pin_in<146> |    2.463(R)|      SLOW  |   -0.819(R)|      FAST  |clk_in_BUFGP      |   0.000|
pin_in<147> |    2.392(R)|      SLOW  |   -0.801(R)|      FAST  |clk_in_BUFGP      |   0.000|
pin_in<148> |    2.700(R)|      SLOW  |   -1.010(R)|      FAST  |clk_in_BUFGP      |   0.000|
pin_in<149> |    2.705(R)|      SLOW  |   -1.074(R)|      FAST  |clk_in_BUFGP      |   0.000|
pin_in<150> |    1.552(R)|      SLOW  |   -0.392(R)|      FAST  |clk_in_BUFGP      |   0.000|
pin_in<151> |    1.766(R)|      SLOW  |   -0.510(R)|      FAST  |clk_in_BUFGP      |   0.000|
pin_in<152> |    1.496(R)|      SLOW  |   -0.345(R)|      FAST  |clk_in_BUFGP      |   0.000|
pin_in<153> |    1.469(R)|      SLOW  |   -0.274(R)|      FAST  |clk_in_BUFGP      |   0.000|
pin_in<154> |    2.036(R)|      SLOW  |   -0.647(R)|      FAST  |clk_in_BUFGP      |   0.000|
pin_in<155> |    2.014(R)|      SLOW  |   -0.606(R)|      FAST  |clk_in_BUFGP      |   0.000|
pin_in<156> |    2.006(R)|      SLOW  |   -0.623(R)|      FAST  |clk_in_BUFGP      |   0.000|
pin_in<157> |    1.716(R)|      SLOW  |   -0.399(R)|      FAST  |clk_in_BUFGP      |   0.000|
pin_in<158> |    3.087(R)|      SLOW  |   -1.226(R)|      FAST  |clk_in_BUFGP      |   0.000|
pin_in<159> |    2.907(R)|      SLOW  |   -1.104(R)|      FAST  |clk_in_BUFGP      |   0.000|
pin_in<160> |    3.010(R)|      SLOW  |   -1.172(R)|      FAST  |clk_in_BUFGP      |   0.000|
pin_in<161> |    3.212(R)|      SLOW  |   -1.270(R)|      FAST  |clk_in_BUFGP      |   0.000|
pin_in<162> |    3.380(R)|      SLOW  |   -1.453(R)|      FAST  |clk_in_BUFGP      |   0.000|
pin_in<163> |    3.122(R)|      SLOW  |   -1.279(R)|      FAST  |clk_in_BUFGP      |   0.000|
pin_in<164> |    3.198(R)|      SLOW  |   -1.287(R)|      FAST  |clk_in_BUFGP      |   0.000|
pin_in<165> |    2.924(R)|      SLOW  |   -1.142(R)|      FAST  |clk_in_BUFGP      |   0.000|
pin_in<166> |    2.818(R)|      SLOW  |   -1.167(R)|      FAST  |clk_in_BUFGP      |   0.000|
pin_in<167> |    3.129(R)|      SLOW  |   -1.261(R)|      FAST  |clk_in_BUFGP      |   0.000|
pin_in<168> |    3.055(R)|      SLOW  |   -1.280(R)|      FAST  |clk_in_BUFGP      |   0.000|
pin_in<169> |    2.833(R)|      SLOW  |   -1.079(R)|      FAST  |clk_in_BUFGP      |   0.000|
pin_in<170> |    3.213(R)|      SLOW  |   -1.345(R)|      FAST  |clk_in_BUFGP      |   0.000|
pin_in<171> |    2.904(R)|      SLOW  |   -1.103(R)|      FAST  |clk_in_BUFGP      |   0.000|
pin_in<172> |    1.526(R)|      SLOW  |   -0.436(R)|      FAST  |clk_in_BUFGP      |   0.000|
pin_in<173> |    1.651(R)|      SLOW  |   -0.432(R)|      FAST  |clk_in_BUFGP      |   0.000|
pin_in<174> |    1.438(R)|      SLOW  |   -0.370(R)|      SLOW  |clk_in_BUFGP      |   0.000|
pin_in<175> |    1.474(R)|      SLOW  |   -0.343(R)|      FAST  |clk_in_BUFGP      |   0.000|
pin_in<176> |    1.298(R)|      SLOW  |   -0.213(R)|      SLOW  |clk_in_BUFGP      |   0.000|
pin_in<177> |    1.517(R)|      SLOW  |   -0.340(R)|      FAST  |clk_in_BUFGP      |   0.000|
pin_in<178> |    1.275(R)|      SLOW  |   -0.199(R)|      SLOW  |clk_in_BUFGP      |   0.000|
pin_in<179> |    0.985(R)|      SLOW  |    0.074(R)|      SLOW  |clk_in_BUFGP      |   0.000|
pin_in<180> |    2.593(R)|      SLOW  |   -1.016(R)|      FAST  |clk_in_BUFGP      |   0.000|
pin_in<181> |    2.381(R)|      SLOW  |   -0.859(R)|      FAST  |clk_in_BUFGP      |   0.000|
pin_in<182> |    2.413(R)|      SLOW  |   -0.966(R)|      FAST  |clk_in_BUFGP      |   0.000|
pin_in<183> |    2.012(R)|      SLOW  |   -0.629(R)|      FAST  |clk_in_BUFGP      |   0.000|
pin_in<184> |    2.153(R)|      SLOW  |   -0.787(R)|      FAST  |clk_in_BUFGP      |   0.000|
pin_in<185> |    1.993(R)|      SLOW  |   -0.623(R)|      FAST  |clk_in_BUFGP      |   0.000|
pin_in<186> |    1.771(R)|      SLOW  |   -0.530(R)|      FAST  |clk_in_BUFGP      |   0.000|
pin_in<187> |    1.444(R)|      SLOW  |   -0.326(R)|      FAST  |clk_in_BUFGP      |   0.000|
pin_in<188> |    1.273(R)|      SLOW  |   -0.214(R)|      SLOW  |clk_in_BUFGP      |   0.000|
pin_in<189> |    1.384(R)|      SLOW  |   -0.265(R)|      FAST  |clk_in_BUFGP      |   0.000|
pin_in<190> |    1.169(R)|      SLOW  |   -0.095(R)|      SLOW  |clk_in_BUFGP      |   0.000|
pin_in<191> |    1.331(R)|      SLOW  |   -0.227(R)|      FAST  |clk_in_BUFGP      |   0.000|
pin_in<192> |    0.874(R)|      SLOW  |    0.180(R)|      SLOW  |clk_in_BUFGP      |   0.000|
pin_in<193> |    1.526(R)|      SLOW  |   -0.328(R)|      FAST  |clk_in_BUFGP      |   0.000|
pin_in<194> |    1.364(R)|      SLOW  |   -0.301(R)|      SLOW  |clk_in_BUFGP      |   0.000|
pin_in<195> |    1.551(R)|      SLOW  |   -0.361(R)|      FAST  |clk_in_BUFGP      |   0.000|
pin_in<196> |    1.397(R)|      SLOW  |   -0.343(R)|      SLOW  |clk_in_BUFGP      |   0.000|
pin_in<197> |    1.585(R)|      SLOW  |   -0.412(R)|      FAST  |clk_in_BUFGP      |   0.000|
pin_in<198> |    1.435(R)|      SLOW  |   -0.355(R)|      SLOW  |clk_in_BUFGP      |   0.000|
pin_in<199> |    1.713(R)|      SLOW  |   -0.454(R)|      FAST  |clk_in_BUFGP      |   0.000|
pin_in<200> |    1.274(R)|      SLOW  |   -0.214(R)|      SLOW  |clk_in_BUFGP      |   0.000|
pin_in<201> |    1.547(R)|      SLOW  |   -0.381(R)|      FAST  |clk_in_BUFGP      |   0.000|
pin_in<202> |    0.997(R)|      SLOW  |    0.048(R)|      SLOW  |clk_in_BUFGP      |   0.000|
pin_in<203> |    1.283(R)|      SLOW  |   -0.229(R)|      SLOW  |clk_in_BUFGP      |   0.000|
pin_in<204> |    1.088(R)|      SLOW  |   -0.014(R)|      SLOW  |clk_in_BUFGP      |   0.000|
pin_in<205> |    1.409(R)|      SLOW  |   -0.261(R)|      FAST  |clk_in_BUFGP      |   0.000|
pin_in<206> |    1.354(R)|      SLOW  |   -0.280(R)|      SLOW  |clk_in_BUFGP      |   0.000|
pin_in<207> |    1.213(R)|      SLOW  |   -0.144(R)|      SLOW  |clk_in_BUFGP      |   0.000|
pin_in<208> |    1.410(R)|      SLOW  |   -0.356(R)|      SLOW  |clk_in_BUFGP      |   0.000|
pin_in<209> |    2.437(R)|      SLOW  |   -0.892(R)|      FAST  |clk_in_BUFGP      |   0.000|
pin_in<210> |    2.074(R)|      SLOW  |   -0.753(R)|      FAST  |clk_in_BUFGP      |   0.000|
pin_in<211> |    2.103(R)|      SLOW  |   -0.698(R)|      FAST  |clk_in_BUFGP      |   0.000|
pin_in<212> |    2.289(R)|      SLOW  |   -0.836(R)|      FAST  |clk_in_BUFGP      |   0.000|
pin_in<213> |    2.643(R)|      SLOW  |   -1.036(R)|      FAST  |clk_in_BUFGP      |   0.000|
pin_in<214> |    2.318(R)|      SLOW  |   -0.876(R)|      FAST  |clk_in_BUFGP      |   0.000|
pin_in<215> |    1.977(R)|      SLOW  |   -0.636(R)|      FAST  |clk_in_BUFGP      |   0.000|
pin_in<216> |    1.834(R)|      SLOW  |   -0.611(R)|      FAST  |clk_in_BUFGP      |   0.000|
pin_in<217> |    2.013(R)|      SLOW  |   -0.653(R)|      FAST  |clk_in_BUFGP      |   0.000|
pin_in<218> |    1.664(R)|      SLOW  |   -0.498(R)|      FAST  |clk_in_BUFGP      |   0.000|
pin_in<219> |    2.550(R)|      SLOW  |   -1.097(R)|      FAST  |clk_in_BUFGP      |   0.000|
pin_in<220> |    2.082(R)|      SLOW  |   -0.743(R)|      FAST  |clk_in_BUFGP      |   0.000|
pin_in<221> |    2.256(R)|      SLOW  |   -0.769(R)|      FAST  |clk_in_BUFGP      |   0.000|
pin_in<222> |    1.643(R)|      SLOW  |   -0.509(R)|      FAST  |clk_in_BUFGP      |   0.000|
pin_in<223> |    1.981(R)|      SLOW  |   -0.610(R)|      FAST  |clk_in_BUFGP      |   0.000|
pin_in<224> |    1.834(R)|      SLOW  |   -0.596(R)|      FAST  |clk_in_BUFGP      |   0.000|
------------+------------+------------+------------+------------+------------------+--------+

Clock clk_in to Pad
------------+-----------------+------------+-----------------+------------+------------------+--------+
            |Max (slowest) clk|  Process   |Min (fastest) clk|  Process   |                  | Clock  |
Destination |  (edge) to PAD  |   Corner   |  (edge) to PAD  |   Corner   |Internal Clock(s) | Phase  |
------------+-----------------+------------+-----------------+------------+------------------+--------+
led<0>      |        12.182(R)|      SLOW  |         6.525(R)|      FAST  |clk_in_BUFGP      |   0.000|
led<1>      |        13.274(R)|      SLOW  |         7.192(R)|      FAST  |clk_in_BUFGP      |   0.000|
------------+-----------------+------------+-----------------+------------+------------------+--------+

Clock to Setup on destination clock clk_in
---------------+---------+---------+---------+---------+
               | Src:Rise| Src:Fall| Src:Rise| Src:Fall|
Source Clock   |Dest:Rise|Dest:Rise|Dest:Fall|Dest:Fall|
---------------+---------+---------+---------+---------+
clk_in         |    6.365|         |         |         |
---------------+---------+---------+---------+---------+


Analysis completed Wed May 20 03:05:00 2026 
--------------------------------------------------------------------------------

Trace Settings:
-------------------------
Trace Settings 

Peak Memory Usage: 383 MB



