Release 14.7 - xst P.20131013 (lin64)
Copyright (c) 1995-2013 Xilinx, Inc.  All rights reserved.
--> 
Parameter TMPDIR set to xst/projnav.tmp


Total REAL time to Xst completion: 0.00 secs
Total CPU time to Xst completion: 0.02 secs
 
--> 
Parameter xsthdpdir set to xst


Total REAL time to Xst completion: 0.00 secs
Total CPU time to Xst completion: 0.02 secs
 
--> 
Reading design: clk_probe.prj

TABLE OF CONTENTS
  1) Synthesis Options Summary
  2) HDL Parsing
  3) HDL Elaboration
  4) HDL Synthesis
       4.1) HDL Synthesis Report
  5) Advanced HDL Synthesis
       5.1) Advanced HDL Synthesis Report
  6) Low Level Synthesis
  7) Partition Report
  8) Design Summary
       8.1) Primitive and Black Box Usage
       8.2) Device utilization summary
       8.3) Partition Resource Summary
       8.4) Timing Report
            8.4.1) Clock Information
            8.4.2) Asynchronous Control Signals Information
            8.4.3) Timing Summary
            8.4.4) Timing Details
            8.4.5) Cross Clock Domains Report


=========================================================================
*                      Synthesis Options Summary                        *
=========================================================================
---- Source Parameters
Input File Name                    : "clk_probe.prj"
Ignore Synthesis Constraint File   : NO

---- Target Parameters
Output File Name                   : "clk_probe"
Output Format                      : NGC
Target Device                      : xc6slx16-2-csg324

---- Source Options
Top Module Name                    : clk_probe
Automatic FSM Extraction           : YES
FSM Encoding Algorithm             : Auto
Safe Implementation                : No
FSM Style                          : LUT
RAM Extraction                     : Yes
RAM Style                          : Auto
ROM Extraction                     : Yes
Shift Register Extraction          : YES
ROM Style                          : Auto
Resource Sharing                   : YES
Asynchronous To Synchronous        : NO
Shift Register Minimum Size        : 2
Use DSP Block                      : Auto
Automatic Register Balancing       : No

---- Target Options
LUT Combining                      : Auto
Reduce Control Sets                : Auto
Add IO Buffers                     : YES
Global Maximum Fanout              : 100000
Add Generic Clock Buffer(BUFG)     : 16
Register Duplication               : YES
Optimize Instantiated Primitives   : NO
Use Clock Enable                   : Auto
Use Synchronous Set                : Auto
Use Synchronous Reset              : Auto
Pack IO Registers into IOBs        : Auto
Equivalent register Removal        : YES

---- General Options
Optimization Goal                  : Speed
Optimization Effort                : 1
Power Reduction                    : NO
Keep Hierarchy                     : No
Netlist Hierarchy                  : As_Optimized
RTL Output                         : Yes
Global Optimization                : AllClockNets
Read Cores                         : YES
Write Timing Constraints           : NO
Cross Clock Analysis               : NO
Hierarchy Separator                : /
Bus Delimiter                      : <>
Case Specifier                     : Maintain
Slice Utilization Ratio            : 100
BRAM Utilization Ratio             : 100
DSP48 Utilization Ratio            : 100
Auto BRAM Packing                  : NO
Slice Utilization Ratio Delta      : 5

=========================================================================


=========================================================================
*                          HDL Parsing                                  *
=========================================================================
Analyzing Verilog file "/home/andy/verilog_workspace/assume_board_is_nexys3/uart_tx.v" into library work
Parsing module <uart_tx>.
Analyzing Verilog file "/home/andy/verilog_workspace/assume_board_is_nexys3/index.v" into library work
Parsing module <clk_probe>.
Parsing module <raw_can_listener>.

=========================================================================
*                            HDL Elaboration                            *
=========================================================================

Elaborating module <clk_probe>.

Elaborating module <raw_can_listener(CLK_HZ=100000000,UART_BAUD=9600)>.

Elaborating module <uart_tx(CLK_HZ=100000000,BAUD=9600)>.

=========================================================================
*                           HDL Synthesis                               *
=========================================================================

Synthesizing Unit <clk_probe>.
    Related source file is "/home/andy/verilog_workspace/assume_board_is_nexys3/index.v".
WARNING:Xst:647 - Input <uart_rx_cp2102> is never used. This port will be preserved and left unconnected if it belongs to a top-level block or it belongs to a sub-block and the hierarchy of this sub-block is preserved.
    Found 21-bit register for signal <rst_cnt>.
    Found 1-bit register for signal <reset>.
    Found 32-bit register for signal <cnt>.
    Found 32-bit adder for signal <cnt[31]_GND_1_o_add_1_OUT> created at line 21.
    Found 21-bit adder for signal <rst_cnt[20]_GND_1_o_add_2_OUT> created at line 23.
    Summary:
	inferred   2 Adder/Subtractor(s).
	inferred  54 D-type flip-flop(s).
Unit <clk_probe> synthesized.

Synthesizing Unit <raw_can_listener>.
    Related source file is "/home/andy/verilog_workspace/assume_board_is_nexys3/index.v".
        CLK_HZ = 100000000
        UART_BAUD = 9600
    Found 1-bit register for signal <can_rx_ff2>.
    Found 1-bit register for signal <can_rx_prev>.
    Found 1-bit register for signal <edge_seen>.
    Found 1-bit register for signal <low_seen>.
    Found 4-bit register for signal <edge_count>.
    Found 4-bit register for signal <low_count>.
    Found 32-bit register for signal <hb_cnt>.
    Found 1-bit register for signal <hb_pending>.
    Found 1-bit register for signal <uart_start>.
    Found 8-bit register for signal <uart_byte>.
    Found 4-bit register for signal <out_state>.
    Found 1-bit register for signal <can_rx_ff1>.
    Found finite state machine <FSM_0> for signal <out_state>.
    -----------------------------------------------------------------------
    | States             | 8                                              |
    | Transitions        | 25                                             |
    | Inputs             | 3                                              |
    | Outputs            | 4                                              |
    | Clock              | clk (rising_edge)                              |
    | Reset              | reset (positive)                               |
    | Reset type         | synchronous                                    |
    | Reset State        | 0000                                           |
    | Power Up State     | 0000                                           |
    | Encoding           | auto                                           |
    | Implementation     | LUT                                            |
    -----------------------------------------------------------------------
    Found 4-bit adder for signal <edge_count[3]_GND_2_o_add_3_OUT> created at line 129.
    Found 4-bit adder for signal <low_count[3]_GND_2_o_add_7_OUT> created at line 136.
    Found 32-bit adder for signal <hb_cnt[31]_GND_2_o_add_11_OUT> created at line 144.
    Found 7-bit adder for signal <n0169[6:0]> created at line 89.
    Found 7-bit adder for signal <n0173[6:0]> created at line 89.
    Found 8-bit adder for signal <BUS_0063_GND_2_o_sub_35_OUT> created at line 89.
    Found 8-bit adder for signal <BUS_0033_GND_2_o_sub_28_OUT> created at line 89.
    Found 1-bit comparator equal for signal <n0002> created at line 126
    Found 32-bit comparator greater for signal <n0017> created at line 140
    Found 4-bit comparator greater for signal <edge_count[3]_PWR_2_o_LessThan_25_o> created at line 89
    Found 4-bit comparator greater for signal <low_count[3]_PWR_2_o_LessThan_32_o> created at line 89
    Summary:
	inferred   6 Adder/Subtractor(s).
	inferred  55 D-type flip-flop(s).
	inferred   4 Comparator(s).
	inferred  16 Multiplexer(s).
	inferred   1 Finite State Machine(s).
Unit <raw_can_listener> synthesized.

Synthesizing Unit <uart_tx>.
    Related source file is "/home/andy/verilog_workspace/assume_board_is_nexys3/uart_tx.v".
        CLK_HZ = 100000000
        BAUD = 9600
    Found 14-bit register for signal <baud_cnt>.
    Found 3-bit register for signal <bit_idx>.
    Found 8-bit register for signal <shifter>.
    Found 1-bit register for signal <stop_bit_cnt>.
    Found 1-bit register for signal <tx_busy>.
    Found 1-bit register for signal <tx_line>.
    Found 2-bit register for signal <state>.
    Found finite state machine <FSM_1> for signal <state>.
    -----------------------------------------------------------------------
    | States             | 4                                              |
    | Transitions        | 10                                             |
    | Inputs             | 4                                              |
    | Outputs            | 4                                              |
    | Clock              | clk (rising_edge)                              |
    | Reset              | reset (positive)                               |
    | Reset type         | synchronous                                    |
    | Reset State        | 00                                             |
    | Power Up State     | 00                                             |
    | Encoding           | auto                                           |
    | Implementation     | LUT                                            |
    -----------------------------------------------------------------------
    Found 14-bit adder for signal <baud_cnt[13]_GND_3_o_add_4_OUT> created at line 54.
    Found 3-bit adder for signal <bit_idx[2]_GND_3_o_add_14_OUT> created at line 88.
    Found 1-bit 4-to-1 multiplexer for signal <state[1]_tx_line_Mux_24_o> created at line 58.
    Summary:
	inferred   2 Adder/Subtractor(s).
	inferred  28 D-type flip-flop(s).
	inferred  12 Multiplexer(s).
	inferred   1 Finite State Machine(s).
Unit <uart_tx> synthesized.

=========================================================================
HDL Synthesis Report

Macro Statistics
# Adders/Subtractors                                   : 10
 14-bit adder                                          : 1
 21-bit adder                                          : 1
 3-bit adder                                           : 1
 32-bit adder                                          : 2
 4-bit adder                                           : 2
 7-bit adder                                           : 2
 8-bit adder                                           : 1
# Registers                                            : 20
 1-bit register                                        : 11
 14-bit register                                       : 1
 21-bit register                                       : 1
 3-bit register                                        : 1
 32-bit register                                       : 2
 4-bit register                                        : 2
 8-bit register                                        : 2
# Comparators                                          : 4
 1-bit comparator equal                                : 1
 32-bit comparator greater                             : 1
 4-bit comparator greater                              : 2
# Multiplexers                                         : 28
 1-bit 2-to-1 multiplexer                              : 11
 1-bit 4-to-1 multiplexer                              : 1
 14-bit 2-to-1 multiplexer                             : 2
 3-bit 2-to-1 multiplexer                              : 1
 8-bit 2-to-1 multiplexer                              : 13
# FSMs                                                 : 2

=========================================================================
INFO:Xst:1767 - HDL ADVISOR - Resource sharing has identified that some arithmetic operations in this design can share the same physical resources for reduced device utilization. For improved clock frequency you may try to disable resource sharing.

=========================================================================
*                       Advanced HDL Synthesis                          *
=========================================================================


Synthesizing (advanced) Unit <clk_probe>.
The following registers are absorbed into counter <cnt>: 1 register on signal <cnt>.
The following registers are absorbed into counter <rst_cnt>: 1 register on signal <rst_cnt>.
Unit <clk_probe> synthesized (advanced).

Synthesizing (advanced) Unit <raw_can_listener>.
The following registers are absorbed into counter <hb_cnt>: 1 register on signal <hb_cnt>.
The following registers are absorbed into counter <edge_count>: 1 register on signal <edge_count>.
The following registers are absorbed into counter <low_count>: 1 register on signal <low_count>.
Unit <raw_can_listener> synthesized (advanced).

Synthesizing (advanced) Unit <uart_tx>.
The following registers are absorbed into counter <bit_idx>: 1 register on signal <bit_idx>.
Unit <uart_tx> synthesized (advanced).

=========================================================================
Advanced HDL Synthesis Report

Macro Statistics
# Adders/Subtractors                                   : 4
 14-bit adder                                          : 1
 7-bit adder                                           : 2
 8-bit adder                                           : 1
# Counters                                             : 6
 21-bit up counter                                     : 1
 3-bit up counter                                      : 1
 32-bit up counter                                     : 2
 4-bit up counter                                      : 2
# Registers                                            : 41
 Flip-Flops                                            : 41
# Comparators                                          : 4
 1-bit comparator equal                                : 1
 32-bit comparator greater                             : 1
 4-bit comparator greater                              : 2
# Multiplexers                                         : 41
 1-bit 2-to-1 multiplexer                              : 27
 1-bit 4-to-1 multiplexer                              : 1
 14-bit 2-to-1 multiplexer                             : 2
 8-bit 2-to-1 multiplexer                              : 11
# FSMs                                                 : 2

=========================================================================

=========================================================================
*                         Low Level Synthesis                           *
=========================================================================
Analyzing FSM <MFsm> for best encoding.
Optimizing FSM <raw_listener/FSM_0> on signal <out_state[1:3]> with sequential encoding.
-------------------
 State | Encoding
-------------------
 0000  | 000
 0001  | 001
 0010  | 010
 0011  | 011
 0100  | 100
 0101  | 101
 0110  | 110
 0111  | 111
-------------------
Analyzing FSM <MFsm> for best encoding.
Optimizing FSM <raw_listener/dbg_uart/FSM_1> on signal <state[1:2]> with gray encoding.
-------------------
 State | Encoding
-------------------
 00    | 00
 01    | 01
 10    | 11
 11    | 10
-------------------
WARNING:Xst:1293 - FF/Latch <uart_byte_7> has a constant value of 0 in block <raw_can_listener>. This FF/Latch will be trimmed during the optimization process.
WARNING:Xst:2677 - Node <cnt_28> of sequential type is unconnected in block <clk_probe>.
WARNING:Xst:2677 - Node <cnt_29> of sequential type is unconnected in block <clk_probe>.
WARNING:Xst:2677 - Node <cnt_30> of sequential type is unconnected in block <clk_probe>.
WARNING:Xst:2677 - Node <cnt_31> of sequential type is unconnected in block <clk_probe>.
INFO:Xst:2261 - The FF/Latch <uart_byte_4> in Unit <raw_can_listener> is equivalent to the following FF/Latch, which will be removed : <uart_byte_5> 

Optimizing unit <clk_probe> ...

Optimizing unit <raw_can_listener> ...

Optimizing unit <uart_tx> ...
WARNING:Xst:1293 - FF/Latch <raw_listener/dbg_uart/shifter_7> has a constant value of 0 in block <clk_probe>. This FF/Latch will be trimmed during the optimization process.
WARNING:Xst:1293 - FF/Latch <raw_listener/hb_cnt_31> has a constant value of 0 in block <clk_probe>. This FF/Latch will be trimmed during the optimization process.
WARNING:Xst:1896 - Due to other FF/Latch trimming, FF/Latch <raw_listener/hb_cnt_30> has a constant value of 0 in block <clk_probe>. This FF/Latch will be trimmed during the optimization process.
WARNING:Xst:1896 - Due to other FF/Latch trimming, FF/Latch <raw_listener/hb_cnt_29> has a constant value of 0 in block <clk_probe>. This FF/Latch will be trimmed during the optimization process.
WARNING:Xst:1896 - Due to other FF/Latch trimming, FF/Latch <raw_listener/hb_cnt_28> has a constant value of 0 in block <clk_probe>. This FF/Latch will be trimmed during the optimization process.
WARNING:Xst:1896 - Due to other FF/Latch trimming, FF/Latch <raw_listener/hb_cnt_27> has a constant value of 0 in block <clk_probe>. This FF/Latch will be trimmed during the optimization process.

Mapping all equations...
Building and optimizing final netlist ...
Found area constraint ratio of 100 (+ 5) on block clk_probe, actual ratio is 2.
FlipFlop reset has been replicated 1 time(s)

Final Macro Processing ...

=========================================================================
Final Register Report

Macro Statistics
# Registers                                            : 131
 Flip-Flops                                            : 131

=========================================================================

=========================================================================
*                           Partition Report                            *
=========================================================================

Partition Implementation Status
-------------------------------

  No Partitions were found in this design.

-------------------------------

=========================================================================
*                            Design Summary                             *
=========================================================================

Top Level Output File Name         : clk_probe.ngc

Primitive and Black Box Usage:
------------------------------
# BELS                             : 394
#      GND                         : 1
#      INV                         : 8
#      LUT1                        : 86
#      LUT2                        : 7
#      LUT3                        : 31
#      LUT4                        : 10
#      LUT5                        : 16
#      LUT6                        : 45
#      MUXCY                       : 94
#      MUXF7                       : 5
#      VCC                         : 1
#      XORCY                       : 90
# FlipFlops/Latches                : 131
#      FD                          : 52
#      FDE                         : 21
#      FDR                         : 26
#      FDRE                        : 28
#      FDS                         : 4
# Clock Buffers                    : 1
#      BUFGP                       : 1
# IO Buffers                       : 6
#      IBUF                        : 1
#      OBUF                        : 5

Device utilization summary:
---------------------------

Selected Device : 6slx16csg324-2 


Slice Logic Utilization: 
 Number of Slice Registers:             131  out of  18224     0%  
 Number of Slice LUTs:                  203  out of   9112     2%  
    Number used as Logic:               203  out of   9112     2%  

Slice Logic Distribution: 
 Number of LUT Flip Flop pairs used:    205
   Number with an unused Flip Flop:      74  out of    205    36%  
   Number with an unused LUT:             2  out of    205     0%  
   Number of fully used LUT-FF pairs:   129  out of    205    62%  
   Number of unique control sets:         9

IO Utilization: 
 Number of IOs:                           8
 Number of bonded IOBs:                   7  out of    232     3%  

Specific Feature Utilization:
 Number of BUFG/BUFGCTRLs:                1  out of     16     6%  

---------------------------
Partition Resource Summary:
---------------------------

  No Partitions were found in this design.

---------------------------


=========================================================================
Timing Report

NOTE: THESE TIMING NUMBERS ARE ONLY A SYNTHESIS ESTIMATE.
      FOR ACCURATE TIMING INFORMATION PLEASE REFER TO THE TRACE REPORT
      GENERATED AFTER PLACE-and-ROUTE.

Clock Information:
------------------
-----------------------------------+------------------------+-------+
Clock Signal                       | Clock buffer(FF name)  | Load  |
-----------------------------------+------------------------+-------+
clk_in                             | BUFGP                  | 131   |
-----------------------------------+------------------------+-------+

Asynchronous Control Signals Information:
----------------------------------------
No asynchronous control signals found in this design

Timing Summary:
---------------
Speed Grade: -2

   Minimum period: 4.836ns (Maximum Frequency: 206.782MHz)
   Minimum input arrival time before clock: 2.083ns
   Maximum output required time after clock: 5.138ns
   Maximum combinational path delay: No path found

Timing Details:
---------------
All values displayed in nanoseconds (ns)

=========================================================================
Timing constraint: Default period analysis for Clock 'clk_in'
  Clock period: 4.836ns (frequency: 206.782MHz)
  Total number of paths / destination ports: 3214 / 223
-------------------------------------------------------------------------
Delay:               4.836ns (Levels of Logic = 3)
  Source:            raw_listener/dbg_uart/baud_cnt_3 (FF)
  Destination:       raw_listener/dbg_uart/bit_idx_2 (FF)
  Source Clock:      clk_in rising
  Destination Clock: clk_in rising

  Data Path: raw_listener/dbg_uart/baud_cnt_3 to raw_listener/dbg_uart/bit_idx_2
                                Gate     Net
    Cell:in->out      fanout   Delay   Delay  Logical Name (Net Name)
    ----------------------------------------  ------------
     FDRE:C->Q             2   0.525   1.181  raw_listener/dbg_uart/baud_cnt_3 (raw_listener/dbg_uart/baud_cnt_3)
     LUT6:I0->O           16   0.254   1.290  raw_listener/dbg_uart/baud_tick<13>1 (raw_listener/dbg_uart/baud_tick<13>)
     LUT6:I4->O           10   0.250   1.008  raw_listener/dbg_uart/_n0123_inv2 (raw_listener/dbg_uart/_n0123_inv)
     LUT5:I4->O            1   0.254   0.000  raw_listener/dbg_uart/bit_idx_2_rstpot (raw_listener/dbg_uart/bit_idx_2_rstpot)
     FDR:D                     0.074          raw_listener/dbg_uart/bit_idx_2
    ----------------------------------------
    Total                      4.836ns (1.357ns logic, 3.479ns route)
                                       (28.1% logic, 71.9% route)

=========================================================================
Timing constraint: Default OFFSET IN BEFORE for Clock 'clk_in'
  Total number of paths / destination ports: 1 / 1
-------------------------------------------------------------------------
Offset:              2.083ns (Levels of Logic = 1)
  Source:            uart_tx_can (PAD)
  Destination:       raw_listener/can_rx_ff1 (FF)
  Destination Clock: clk_in rising

  Data Path: uart_tx_can to raw_listener/can_rx_ff1
                                Gate     Net
    Cell:in->out      fanout   Delay   Delay  Logical Name (Net Name)
    ----------------------------------------  ------------
     IBUF:I->O             1   1.328   0.681  uart_tx_can_IBUF (uart_tx_can_IBUF)
     FDS:D                     0.074          raw_listener/can_rx_ff1
    ----------------------------------------
    Total                      2.083ns (1.402ns logic, 0.681ns route)
                                       (67.3% logic, 32.7% route)

=========================================================================
Timing constraint: Default OFFSET OUT AFTER for Clock 'clk_in'
  Total number of paths / destination ports: 2 / 2
-------------------------------------------------------------------------
Offset:              5.138ns (Levels of Logic = 2)
  Source:            raw_listener/dbg_uart/tx_line (FF)
  Destination:       uart_tx_cp2102_inv (PAD)
  Source Clock:      clk_in rising

  Data Path: raw_listener/dbg_uart/tx_line to uart_tx_cp2102_inv
                                Gate     Net
    Cell:in->out      fanout   Delay   Delay  Logical Name (Net Name)
    ----------------------------------------  ------------
     FDS:C->Q              3   0.525   0.765  raw_listener/dbg_uart/tx_line (raw_listener/dbg_uart/tx_line)
     INV:I->O              1   0.255   0.681  uart_tx_cp2102_inv1_INV_0 (uart_tx_cp2102_inv_OBUF)
     OBUF:I->O                 2.912          uart_tx_cp2102_inv_OBUF (uart_tx_cp2102_inv)
    ----------------------------------------
    Total                      5.138ns (3.692ns logic, 1.446ns route)
                                       (71.9% logic, 28.1% route)

=========================================================================

Cross Clock Domains Report:
--------------------------

Clock to Setup on destination clock clk_in
---------------+---------+---------+---------+---------+
               | Src:Rise| Src:Fall| Src:Rise| Src:Fall|
Source Clock   |Dest:Rise|Dest:Rise|Dest:Fall|Dest:Fall|
---------------+---------+---------+---------+---------+
clk_in         |    4.836|         |         |         |
---------------+---------+---------+---------+---------+

=========================================================================


Total REAL time to Xst completion: 2.00 secs
Total CPU time to Xst completion: 1.76 secs
 
--> 


Total memory usage is 376988 kilobytes

Number of errors   :    0 (   0 filtered)
Number of warnings :   12 (   0 filtered)
Number of infos    :    2 (   0 filtered)

