--------------------------------------------------------------------------------
Release 14.7 Trace  (lin64)
Copyright (c) 1995-2013 Xilinx, Inc.  All rights reserved.

/opt/Xilinx/14.7/ISE_DS/ISE/bin/lin64/unwrapped/trce -intstyle ise -v 3 -s 2 -n
3 -fastpaths -xml led_finder.twx led_finder.ncd -o led_finder.twr
led_finder.pcf -ucf blink.ucf

Design file:              led_finder.ncd
Physical constraint file: led_finder.pcf
Device,package,speed:     xc6slx16,csg324,C,-2 (PRODUCTION 1.23 2013-10-13)
Report level:             verbose report

Environment Variable      Effect 
--------------------      ------ 
NONE                      No environment variables were set
--------------------------------------------------------------------------------

INFO:Timing:3412 - To improve timing, see the Timing Closure User Guide (UG612).
INFO:Timing:2752 - To get complete path coverage, use the unconstrained paths 
   option. All paths that are not constrained will be reported in the 
   unconstrained paths section(s) of the report.
INFO:Timing:3339 - The clock-to-out numbers in this timing report are based on 
   a 50 Ohm transmission line loading model.  For the details of this model, 
   and for more information on accounting for different loading conditions, 
   please see the device datasheet.

================================================================================
Timing constraint: TS_clk = PERIOD TIMEGRP "clk" 10 ns HIGH 50%;
For more information, see Period Analysis in the Timing Closure User Guide (UG612).

 1541 paths analyzed, 105 endpoints analyzed, 0 failing endpoints
 0 timing errors detected. (0 setup errors, 0 hold errors, 0 component switching limit errors)
 Minimum period is   4.090ns.
--------------------------------------------------------------------------------

Paths for end point counter_13 (SLICE_X21Y47.C4), 28 paths
--------------------------------------------------------------------------------
Slack (setup path):     5.910ns (requirement - (data path - clock path skew + uncertainty))
  Source:               counter_26 (FF)
  Destination:          counter_13 (FF)
  Requirement:          10.000ns
  Data Path Delay:      4.032ns (Levels of Logic = 3)
  Clock Path Skew:      -0.023ns (0.423 - 0.446)
  Source Clock:         clk_BUFGP rising at 0.000ns
  Destination Clock:    clk_BUFGP rising at 10.000ns
  Clock Uncertainty:    0.035ns

  Clock Uncertainty:          0.035ns  ((TSJ^2 + TIJ^2)^1/2 + DJ) / 2 + PE
    Total System Jitter (TSJ):  0.070ns
    Total Input Jitter (TIJ):   0.000ns
    Discrete Jitter (DJ):       0.000ns
    Phase Error (PE):           0.000ns

  Maximum Data Path at Slow Process Corner: counter_26 to counter_13
    Location             Delay type         Delay(ns)  Physical Resource
                                                       Logical Resource(s)
    -------------------------------------------------  -------------------
    SLICE_X21Y48.AQ      Tcko                  0.430   counter<27>
                                                       counter_26
    SLICE_X18Y48.D2      net (fanout=2)        0.977   counter<26>
    SLICE_X18Y48.D       Tilo                  0.254   mode<0>
                                                       _n008844
    SLICE_X18Y45.B2      net (fanout=4)        0.933   _n008843
    SLICE_X18Y45.B       Tilo                  0.254   counter<2>
                                                       counter[27]_GND_1_o_equal_4_o1
    SLICE_X21Y47.C4      net (fanout=15)       0.811   counter[27]_GND_1_o_equal_4_o
    SLICE_X21Y47.CLK     Tas                   0.373   counter<14>
                                                       counter_13_rstpot
                                                       counter_13
    -------------------------------------------------  ---------------------------
    Total                                      4.032ns (1.311ns logic, 2.721ns route)
                                                       (32.5% logic, 67.5% route)

--------------------------------------------------------------------------------
Slack (setup path):     6.059ns (requirement - (data path - clock path skew + uncertainty))
  Source:               counter_19 (FF)
  Destination:          counter_13 (FF)
  Requirement:          10.000ns
  Data Path Delay:      3.877ns (Levels of Logic = 3)
  Clock Path Skew:      -0.029ns (0.423 - 0.452)
  Source Clock:         clk_BUFGP rising at 0.000ns
  Destination Clock:    clk_BUFGP rising at 10.000ns
  Clock Uncertainty:    0.035ns

  Clock Uncertainty:          0.035ns  ((TSJ^2 + TIJ^2)^1/2 + DJ) / 2 + PE
    Total System Jitter (TSJ):  0.070ns
    Total Input Jitter (TIJ):   0.000ns
    Discrete Jitter (DJ):       0.000ns
    Phase Error (PE):           0.000ns

  Maximum Data Path at Slow Process Corner: counter_19 to counter_13
    Location             Delay type         Delay(ns)  Physical Resource
                                                       Logical Resource(s)
    -------------------------------------------------  -------------------
    SLICE_X22Y48.BQ      Tcko                  0.525   counter<21>
                                                       counter_19
    SLICE_X18Y48.D4      net (fanout=2)        0.727   counter<19>
    SLICE_X18Y48.D       Tilo                  0.254   mode<0>
                                                       _n008844
    SLICE_X18Y45.B2      net (fanout=4)        0.933   _n008843
    SLICE_X18Y45.B       Tilo                  0.254   counter<2>
                                                       counter[27]_GND_1_o_equal_4_o1
    SLICE_X21Y47.C4      net (fanout=15)       0.811   counter[27]_GND_1_o_equal_4_o
    SLICE_X21Y47.CLK     Tas                   0.373   counter<14>
                                                       counter_13_rstpot
                                                       counter_13
    -------------------------------------------------  ---------------------------
    Total                                      3.877ns (1.406ns logic, 2.471ns route)
                                                       (36.3% logic, 63.7% route)

--------------------------------------------------------------------------------
Slack (setup path):     6.064ns (requirement - (data path - clock path skew + uncertainty))
  Source:               counter_18 (FF)
  Destination:          counter_13 (FF)
  Requirement:          10.000ns
  Data Path Delay:      3.872ns (Levels of Logic = 3)
  Clock Path Skew:      -0.029ns (0.423 - 0.452)
  Source Clock:         clk_BUFGP rising at 0.000ns
  Destination Clock:    clk_BUFGP rising at 10.000ns
  Clock Uncertainty:    0.035ns

  Clock Uncertainty:          0.035ns  ((TSJ^2 + TIJ^2)^1/2 + DJ) / 2 + PE
    Total System Jitter (TSJ):  0.070ns
    Total Input Jitter (TIJ):   0.000ns
    Discrete Jitter (DJ):       0.000ns
    Phase Error (PE):           0.000ns

  Maximum Data Path at Slow Process Corner: counter_18 to counter_13
    Location             Delay type         Delay(ns)  Physical Resource
                                                       Logical Resource(s)
    -------------------------------------------------  -------------------
    SLICE_X22Y48.AQ      Tcko                  0.525   counter<21>
                                                       counter_18
    SLICE_X18Y48.D5      net (fanout=2)        0.722   counter<18>
    SLICE_X18Y48.D       Tilo                  0.254   mode<0>
                                                       _n008844
    SLICE_X18Y45.B2      net (fanout=4)        0.933   _n008843
    SLICE_X18Y45.B       Tilo                  0.254   counter<2>
                                                       counter[27]_GND_1_o_equal_4_o1
    SLICE_X21Y47.C4      net (fanout=15)       0.811   counter[27]_GND_1_o_equal_4_o
    SLICE_X21Y47.CLK     Tas                   0.373   counter<14>
                                                       counter_13_rstpot
                                                       counter_13
    -------------------------------------------------  ---------------------------
    Total                                      3.872ns (1.406ns logic, 2.466ns route)
                                                       (36.3% logic, 63.7% route)

--------------------------------------------------------------------------------

Paths for end point counter_14 (SLICE_X21Y47.D4), 28 paths
--------------------------------------------------------------------------------
Slack (setup path):     5.940ns (requirement - (data path - clock path skew + uncertainty))
  Source:               counter_26 (FF)
  Destination:          counter_14 (FF)
  Requirement:          10.000ns
  Data Path Delay:      4.002ns (Levels of Logic = 3)
  Clock Path Skew:      -0.023ns (0.423 - 0.446)
  Source Clock:         clk_BUFGP rising at 0.000ns
  Destination Clock:    clk_BUFGP rising at 10.000ns
  Clock Uncertainty:    0.035ns

  Clock Uncertainty:          0.035ns  ((TSJ^2 + TIJ^2)^1/2 + DJ) / 2 + PE
    Total System Jitter (TSJ):  0.070ns
    Total Input Jitter (TIJ):   0.000ns
    Discrete Jitter (DJ):       0.000ns
    Phase Error (PE):           0.000ns

  Maximum Data Path at Slow Process Corner: counter_26 to counter_14
    Location             Delay type         Delay(ns)  Physical Resource
                                                       Logical Resource(s)
    -------------------------------------------------  -------------------
    SLICE_X21Y48.AQ      Tcko                  0.430   counter<27>
                                                       counter_26
    SLICE_X18Y48.D2      net (fanout=2)        0.977   counter<26>
    SLICE_X18Y48.D       Tilo                  0.254   mode<0>
                                                       _n008844
    SLICE_X18Y45.B2      net (fanout=4)        0.933   _n008843
    SLICE_X18Y45.B       Tilo                  0.254   counter<2>
                                                       counter[27]_GND_1_o_equal_4_o1
    SLICE_X21Y47.D4      net (fanout=15)       0.781   counter[27]_GND_1_o_equal_4_o
    SLICE_X21Y47.CLK     Tas                   0.373   counter<14>
                                                       counter_14_rstpot
                                                       counter_14
    -------------------------------------------------  ---------------------------
    Total                                      4.002ns (1.311ns logic, 2.691ns route)
                                                       (32.8% logic, 67.2% route)

--------------------------------------------------------------------------------
Slack (setup path):     6.089ns (requirement - (data path - clock path skew + uncertainty))
  Source:               counter_19 (FF)
  Destination:          counter_14 (FF)
  Requirement:          10.000ns
  Data Path Delay:      3.847ns (Levels of Logic = 3)
  Clock Path Skew:      -0.029ns (0.423 - 0.452)
  Source Clock:         clk_BUFGP rising at 0.000ns
  Destination Clock:    clk_BUFGP rising at 10.000ns
  Clock Uncertainty:    0.035ns

  Clock Uncertainty:          0.035ns  ((TSJ^2 + TIJ^2)^1/2 + DJ) / 2 + PE
    Total System Jitter (TSJ):  0.070ns
    Total Input Jitter (TIJ):   0.000ns
    Discrete Jitter (DJ):       0.000ns
    Phase Error (PE):           0.000ns

  Maximum Data Path at Slow Process Corner: counter_19 to counter_14
    Location             Delay type         Delay(ns)  Physical Resource
                                                       Logical Resource(s)
    -------------------------------------------------  -------------------
    SLICE_X22Y48.BQ      Tcko                  0.525   counter<21>
                                                       counter_19
    SLICE_X18Y48.D4      net (fanout=2)        0.727   counter<19>
    SLICE_X18Y48.D       Tilo                  0.254   mode<0>
                                                       _n008844
    SLICE_X18Y45.B2      net (fanout=4)        0.933   _n008843
    SLICE_X18Y45.B       Tilo                  0.254   counter<2>
                                                       counter[27]_GND_1_o_equal_4_o1
    SLICE_X21Y47.D4      net (fanout=15)       0.781   counter[27]_GND_1_o_equal_4_o
    SLICE_X21Y47.CLK     Tas                   0.373   counter<14>
                                                       counter_14_rstpot
                                                       counter_14
    -------------------------------------------------  ---------------------------
    Total                                      3.847ns (1.406ns logic, 2.441ns route)
                                                       (36.5% logic, 63.5% route)

--------------------------------------------------------------------------------
Slack (setup path):     6.094ns (requirement - (data path - clock path skew + uncertainty))
  Source:               counter_18 (FF)
  Destination:          counter_14 (FF)
  Requirement:          10.000ns
  Data Path Delay:      3.842ns (Levels of Logic = 3)
  Clock Path Skew:      -0.029ns (0.423 - 0.452)
  Source Clock:         clk_BUFGP rising at 0.000ns
  Destination Clock:    clk_BUFGP rising at 10.000ns
  Clock Uncertainty:    0.035ns

  Clock Uncertainty:          0.035ns  ((TSJ^2 + TIJ^2)^1/2 + DJ) / 2 + PE
    Total System Jitter (TSJ):  0.070ns
    Total Input Jitter (TIJ):   0.000ns
    Discrete Jitter (DJ):       0.000ns
    Phase Error (PE):           0.000ns

  Maximum Data Path at Slow Process Corner: counter_18 to counter_14
    Location             Delay type         Delay(ns)  Physical Resource
                                                       Logical Resource(s)
    -------------------------------------------------  -------------------
    SLICE_X22Y48.AQ      Tcko                  0.525   counter<21>
                                                       counter_18
    SLICE_X18Y48.D5      net (fanout=2)        0.722   counter<18>
    SLICE_X18Y48.D       Tilo                  0.254   mode<0>
                                                       _n008844
    SLICE_X18Y45.B2      net (fanout=4)        0.933   _n008843
    SLICE_X18Y45.B       Tilo                  0.254   counter<2>
                                                       counter[27]_GND_1_o_equal_4_o1
    SLICE_X21Y47.D4      net (fanout=15)       0.781   counter[27]_GND_1_o_equal_4_o
    SLICE_X21Y47.CLK     Tas                   0.373   counter<14>
                                                       counter_14_rstpot
                                                       counter_14
    -------------------------------------------------  ---------------------------
    Total                                      3.842ns (1.406ns logic, 2.436ns route)
                                                       (36.6% logic, 63.4% route)

--------------------------------------------------------------------------------

Paths for end point index_5 (SLICE_X18Y51.C3), 27 paths
--------------------------------------------------------------------------------
Slack (setup path):     5.984ns (requirement - (data path - clock path skew + uncertainty))
  Source:               counter_3 (FF)
  Destination:          index_5 (FF)
  Requirement:          10.000ns
  Data Path Delay:      3.951ns (Levels of Logic = 3)
  Clock Path Skew:      -0.030ns (0.415 - 0.445)
  Source Clock:         clk_BUFGP rising at 0.000ns
  Destination Clock:    clk_BUFGP rising at 10.000ns
  Clock Uncertainty:    0.035ns

  Clock Uncertainty:          0.035ns  ((TSJ^2 + TIJ^2)^1/2 + DJ) / 2 + PE
    Total System Jitter (TSJ):  0.070ns
    Total Input Jitter (TIJ):   0.000ns
    Discrete Jitter (DJ):       0.000ns
    Phase Error (PE):           0.000ns

  Maximum Data Path at Slow Process Corner: counter_3 to index_5
    Location             Delay type         Delay(ns)  Physical Resource
                                                       Logical Resource(s)
    -------------------------------------------------  -------------------
    SLICE_X21Y45.AQ      Tcko                  0.430   counter<6>
                                                       counter_3
    SLICE_X19Y45.D1      net (fanout=2)        0.932   counter<3>
    SLICE_X19Y45.D       Tilo                  0.259   N4
                                                       _n008847_SW0
    SLICE_X18Y49.B3      net (fanout=4)        0.861   N4
    SLICE_X18Y49.B       Tilo                  0.254   index<2>
                                                       _n008847
    SLICE_X18Y51.C3      net (fanout=6)        0.876   _n0088_bdd4
    SLICE_X18Y51.CLK     Tas                   0.339   index<5>
                                                       index_5_rstpot
                                                       index_5
    -------------------------------------------------  ---------------------------
    Total                                      3.951ns (1.282ns logic, 2.669ns route)
                                                       (32.4% logic, 67.6% route)

--------------------------------------------------------------------------------
Slack (setup path):     6.079ns (requirement - (data path - clock path skew + uncertainty))
  Source:               counter_26 (FF)
  Destination:          index_5 (FF)
  Requirement:          10.000ns
  Data Path Delay:      3.862ns (Levels of Logic = 3)
  Clock Path Skew:      -0.024ns (0.295 - 0.319)
  Source Clock:         clk_BUFGP rising at 0.000ns
  Destination Clock:    clk_BUFGP rising at 10.000ns
  Clock Uncertainty:    0.035ns

  Clock Uncertainty:          0.035ns  ((TSJ^2 + TIJ^2)^1/2 + DJ) / 2 + PE
    Total System Jitter (TSJ):  0.070ns
    Total Input Jitter (TIJ):   0.000ns
    Discrete Jitter (DJ):       0.000ns
    Phase Error (PE):           0.000ns

  Maximum Data Path at Slow Process Corner: counter_26 to index_5
    Location             Delay type         Delay(ns)  Physical Resource
                                                       Logical Resource(s)
    -------------------------------------------------  -------------------
    SLICE_X21Y48.AQ      Tcko                  0.430   counter<27>
                                                       counter_26
    SLICE_X18Y48.D2      net (fanout=2)        0.977   counter<26>
    SLICE_X18Y48.D       Tilo                  0.254   mode<0>
                                                       _n008844
    SLICE_X18Y49.B1      net (fanout=4)        0.732   _n008843
    SLICE_X18Y49.B       Tilo                  0.254   index<2>
                                                       _n008847
    SLICE_X18Y51.C3      net (fanout=6)        0.876   _n0088_bdd4
    SLICE_X18Y51.CLK     Tas                   0.339   index<5>
                                                       index_5_rstpot
                                                       index_5
    -------------------------------------------------  ---------------------------
    Total                                      3.862ns (1.277ns logic, 2.585ns route)
                                                       (33.1% logic, 66.9% route)

--------------------------------------------------------------------------------
Slack (setup path):     6.082ns (requirement - (data path - clock path skew + uncertainty))
  Source:               counter_2 (FF)
  Destination:          index_5 (FF)
  Requirement:          10.000ns
  Data Path Delay:      3.859ns (Levels of Logic = 3)
  Clock Path Skew:      -0.024ns (0.415 - 0.439)
  Source Clock:         clk_BUFGP rising at 0.000ns
  Destination Clock:    clk_BUFGP rising at 10.000ns
  Clock Uncertainty:    0.035ns

  Clock Uncertainty:          0.035ns  ((TSJ^2 + TIJ^2)^1/2 + DJ) / 2 + PE
    Total System Jitter (TSJ):  0.070ns
    Total Input Jitter (TIJ):   0.000ns
    Discrete Jitter (DJ):       0.000ns
    Phase Error (PE):           0.000ns

  Maximum Data Path at Slow Process Corner: counter_2 to index_5
    Location             Delay type         Delay(ns)  Physical Resource
                                                       Logical Resource(s)
    -------------------------------------------------  -------------------
    SLICE_X18Y45.DQ      Tcko                  0.525   counter<2>
                                                       counter_2
    SLICE_X19Y45.D2      net (fanout=2)        0.745   counter<2>
    SLICE_X19Y45.D       Tilo                  0.259   N4
                                                       _n008847_SW0
    SLICE_X18Y49.B3      net (fanout=4)        0.861   N4
    SLICE_X18Y49.B       Tilo                  0.254   index<2>
                                                       _n008847
    SLICE_X18Y51.C3      net (fanout=6)        0.876   _n0088_bdd4
    SLICE_X18Y51.CLK     Tas                   0.339   index<5>
                                                       index_5_rstpot
                                                       index_5
    -------------------------------------------------  ---------------------------
    Total                                      3.859ns (1.377ns logic, 2.482ns route)
                                                       (35.7% logic, 64.3% route)

--------------------------------------------------------------------------------

Hold Paths: TS_clk = PERIOD TIMEGRP "clk" 10 ns HIGH 50%;
--------------------------------------------------------------------------------

Paths for end point index_0 (SLICE_X18Y49.A6), 1 path
--------------------------------------------------------------------------------
Slack (hold path):      0.494ns (requirement - (clock path skew + uncertainty - data path))
  Source:               index_0 (FF)
  Destination:          index_0 (FF)
  Requirement:          0.000ns
  Data Path Delay:      0.494ns (Levels of Logic = 1)
  Clock Path Skew:      0.000ns
  Source Clock:         clk_BUFGP rising at 10.000ns
  Destination Clock:    clk_BUFGP rising at 10.000ns
  Clock Uncertainty:    0.000ns

  Minimum Data Path at Fast Process Corner: index_0 to index_0
    Location             Delay type         Delay(ns)  Physical Resource
                                                       Logical Resource(s)
    -------------------------------------------------  -------------------
    SLICE_X18Y49.AQ      Tcko                  0.234   index<2>
                                                       index_0
    SLICE_X18Y49.A6      net (fanout=17)       0.063   index<0>
    SLICE_X18Y49.CLK     Tah         (-Th)    -0.197   index<2>
                                                       index_0_rstpot
                                                       index_0
    -------------------------------------------------  ---------------------------
    Total                                      0.494ns (0.431ns logic, 0.063ns route)
                                                       (87.2% logic, 12.8% route)

--------------------------------------------------------------------------------

Paths for end point index_2 (SLICE_X18Y49.D6), 1 path
--------------------------------------------------------------------------------
Slack (hold path):      0.510ns (requirement - (clock path skew + uncertainty - data path))
  Source:               index_2 (FF)
  Destination:          index_2 (FF)
  Requirement:          0.000ns
  Data Path Delay:      0.510ns (Levels of Logic = 1)
  Clock Path Skew:      0.000ns
  Source Clock:         clk_BUFGP rising at 10.000ns
  Destination Clock:    clk_BUFGP rising at 10.000ns
  Clock Uncertainty:    0.000ns

  Minimum Data Path at Fast Process Corner: index_2 to index_2
    Location             Delay type         Delay(ns)  Physical Resource
                                                       Logical Resource(s)
    -------------------------------------------------  -------------------
    SLICE_X18Y49.DQ      Tcko                  0.234   index<2>
                                                       index_2
    SLICE_X18Y49.D6      net (fanout=48)       0.079   index<2>
    SLICE_X18Y49.CLK     Tah         (-Th)    -0.197   index<2>
                                                       index_2_rstpot
                                                       index_2
    -------------------------------------------------  ---------------------------
    Total                                      0.510ns (0.431ns logic, 0.079ns route)
                                                       (84.5% logic, 15.5% route)

--------------------------------------------------------------------------------

Paths for end point index_1 (SLICE_X18Y49.C5), 1 path
--------------------------------------------------------------------------------
Slack (hold path):      0.535ns (requirement - (clock path skew + uncertainty - data path))
  Source:               index_1 (FF)
  Destination:          index_1 (FF)
  Requirement:          0.000ns
  Data Path Delay:      0.535ns (Levels of Logic = 1)
  Clock Path Skew:      0.000ns
  Source Clock:         clk_BUFGP rising at 10.000ns
  Destination Clock:    clk_BUFGP rising at 10.000ns
  Clock Uncertainty:    0.000ns

  Minimum Data Path at Fast Process Corner: index_1 to index_1
    Location             Delay type         Delay(ns)  Physical Resource
                                                       Logical Resource(s)
    -------------------------------------------------  -------------------
    SLICE_X18Y49.CQ      Tcko                  0.234   index<2>
                                                       index_1
    SLICE_X18Y49.C5      net (fanout=17)       0.104   index<1>
    SLICE_X18Y49.CLK     Tah         (-Th)    -0.197   index<2>
                                                       index_1_rstpot
                                                       index_1
    -------------------------------------------------  ---------------------------
    Total                                      0.535ns (0.431ns logic, 0.104ns route)
                                                       (80.6% logic, 19.4% route)

--------------------------------------------------------------------------------

Component Switching Limit Checks: TS_clk = PERIOD TIMEGRP "clk" 10 ns HIGH 50%;
--------------------------------------------------------------------------------
Slack: 7.334ns (period - min period limit)
  Period: 10.000ns
  Min period limit: 2.666ns (375.094MHz) (Tbcper_I)
  Physical resource: clk_BUFGP/BUFG/I0
  Logical resource: clk_BUFGP/BUFG/I0
  Location pin: BUFGMUX_X3Y13.I0
  Clock network: clk_BUFGP/IBUFG
--------------------------------------------------------------------------------
Slack: 9.520ns (period - min period limit)
  Period: 10.000ns
  Min period limit: 0.480ns (2083.333MHz) (Tcp)
  Physical resource: counter<2>/CLK
  Logical resource: counter_0/CK
  Location pin: SLICE_X18Y45.CLK
  Clock network: clk_BUFGP
--------------------------------------------------------------------------------
Slack: 9.520ns (period - min period limit)
  Period: 10.000ns
  Min period limit: 0.480ns (2083.333MHz) (Tcp)
  Physical resource: counter<2>/CLK
  Logical resource: counter_1/CK
  Location pin: SLICE_X18Y45.CLK
  Clock network: clk_BUFGP
--------------------------------------------------------------------------------


All constraints were met.


Data Sheet report:
-----------------
All values displayed in nanoseconds (ns)

Clock to Setup on destination clock clk
---------------+---------+---------+---------+---------+
               | Src:Rise| Src:Fall| Src:Rise| Src:Fall|
Source Clock   |Dest:Rise|Dest:Rise|Dest:Fall|Dest:Fall|
---------------+---------+---------+---------+---------+
clk            |    4.090|         |         |         |
---------------+---------+---------+---------+---------+


Timing summary:
---------------

Timing errors: 0  Score: 0  (Setup/Max: 0, Hold: 0)

Constraints cover 1541 paths, 0 nets, and 233 connections

Design statistics:
   Minimum period:   4.090ns{1}   (Maximum frequency: 244.499MHz)


------------------------------------Footnotes-----------------------------------
1)  The minimum period statistic assumes all single cycle delays.

Analysis completed Sun May 17 05:36:43 2026 
--------------------------------------------------------------------------------

Trace Settings:
-------------------------
Trace Settings 

Peak Memory Usage: 385 MB



