Release 14.7 - xst P.20131013 (lin64)
Copyright (c) 1995-2013 Xilinx, Inc.  All rights reserved.
--> 
Parameter TMPDIR set to xst/projnav.tmp


Total REAL time to Xst completion: 1.00 secs
Total CPU time to Xst completion: 0.01 secs
 
--> 
Parameter xsthdpdir set to xst


Total REAL time to Xst completion: 1.00 secs
Total CPU time to Xst completion: 0.01 secs
 
--> 
Reading design: led_bank2_noclk.prj

TABLE OF CONTENTS
  1) Synthesis Options Summary
  2) HDL Parsing
  3) HDL Elaboration
  4) HDL Synthesis
       4.1) HDL Synthesis Report
  5) Advanced HDL Synthesis
       5.1) Advanced HDL Synthesis Report
  6) Low Level Synthesis
  7) Partition Report
  8) Design Summary
       8.1) Primitive and Black Box Usage
       8.2) Device utilization summary
       8.3) Partition Resource Summary
       8.4) Timing Report
            8.4.1) Clock Information
            8.4.2) Asynchronous Control Signals Information
            8.4.3) Timing Summary
            8.4.4) Timing Details
            8.4.5) Cross Clock Domains Report


=========================================================================
*                      Synthesis Options Summary                        *
=========================================================================
---- Source Parameters
Input File Name                    : "led_bank2_noclk.prj"
Ignore Synthesis Constraint File   : NO

---- Target Parameters
Output File Name                   : "led_bank2_noclk"
Output Format                      : NGC
Target Device                      : xc6slx16-2-csg324

---- Source Options
Top Module Name                    : led_bank2_noclk
Automatic FSM Extraction           : YES
FSM Encoding Algorithm             : Auto
Safe Implementation                : No
FSM Style                          : LUT
RAM Extraction                     : Yes
RAM Style                          : Auto
ROM Extraction                     : Yes
Shift Register Extraction          : YES
ROM Style                          : Auto
Resource Sharing                   : YES
Asynchronous To Synchronous        : NO
Shift Register Minimum Size        : 2
Use DSP Block                      : Auto
Automatic Register Balancing       : No

---- Target Options
LUT Combining                      : Auto
Reduce Control Sets                : Auto
Add IO Buffers                     : YES
Global Maximum Fanout              : 100000
Add Generic Clock Buffer(BUFG)     : 16
Register Duplication               : YES
Optimize Instantiated Primitives   : NO
Use Clock Enable                   : Auto
Use Synchronous Set                : Auto
Use Synchronous Reset              : Auto
Pack IO Registers into IOBs        : Auto
Equivalent register Removal        : YES

---- General Options
Optimization Goal                  : Speed
Optimization Effort                : 1
Power Reduction                    : NO
Keep Hierarchy                     : No
Netlist Hierarchy                  : As_Optimized
RTL Output                         : Yes
Global Optimization                : AllClockNets
Read Cores                         : YES
Write Timing Constraints           : NO
Cross Clock Analysis               : NO
Hierarchy Separator                : /
Bus Delimiter                      : <>
Case Specifier                     : Maintain
Slice Utilization Ratio            : 100
BRAM Utilization Ratio             : 100
DSP48 Utilization Ratio            : 100
Auto BRAM Packing                  : NO
Slice Utilization Ratio Delta      : 5

=========================================================================


=========================================================================
*                          HDL Parsing                                  *
=========================================================================
Analyzing Verilog file "/home/andy/verilog_workspace/assume_board_is_nexys3/index.v" into library work
Parsing module <led_bank2_noclk>.

=========================================================================
*                            HDL Elaboration                            *
=========================================================================

Elaborating module <led_bank2_noclk>.

Elaborating module <LUT1(INIT=2'b01)>.

=========================================================================
*                           HDL Synthesis                               *
=========================================================================

Synthesizing Unit <led_bank2_noclk>.
    Related source file is "/home/andy/verilog_workspace/assume_board_is_nexys3/index.v".
    Set property "KEEP = TRUE" for signal <ro0>.
    Set property "KEEP = TRUE" for signal <ro1>.
    Set property "KEEP = TRUE" for signal <ro2>.
    Set property "KEEP = TRUE" for signal <ro3>.
    Set property "KEEP = TRUE" for signal <ro4>.
    Found 28-bit register for signal <div>.
    Found 28-bit adder for signal <div[27]_GND_1_o_add_1_OUT> created at line 24.
INFO:Xst:2774 - HDL ADVISOR - KEEP property attached to signal ro4 may hinder XST clustering optimizations.
    Summary:
	inferred   1 Adder/Subtractor(s).
	inferred  28 D-type flip-flop(s).
Unit <led_bank2_noclk> synthesized.

=========================================================================
HDL Synthesis Report

Macro Statistics
# Adders/Subtractors                                   : 1
 28-bit adder                                          : 1
# Registers                                            : 1
 28-bit register                                       : 1

=========================================================================

=========================================================================
*                       Advanced HDL Synthesis                          *
=========================================================================


Synthesizing (advanced) Unit <led_bank2_noclk>.
The following registers are absorbed into counter <div>: 1 register on signal <div>.
Unit <led_bank2_noclk> synthesized (advanced).

=========================================================================
Advanced HDL Synthesis Report

Macro Statistics
# Counters                                             : 1
 28-bit up counter                                     : 1

=========================================================================

=========================================================================
*                         Low Level Synthesis                           *
=========================================================================
WARNING:Xst:2677 - Node <div_26> of sequential type is unconnected in block <led_bank2_noclk>.
WARNING:Xst:2677 - Node <div_27> of sequential type is unconnected in block <led_bank2_noclk>.
WARNING:Xst:2170 - Unit led_bank2_noclk : the following signal(s) form a combinatorial loop: ro1, ro4, ro0, ro3, ro2.
WARNING:Xst:2016 - Found a loop when searching source clock on port 'inv4:O'
Last warning will be issued only once.

Optimizing unit <led_bank2_noclk> ...

Mapping all equations...
Building and optimizing final netlist ...
Found area constraint ratio of 100 (+ 5) on block led_bank2_noclk, actual ratio is 0.

Final Macro Processing ...

=========================================================================
Final Register Report

Macro Statistics
# Registers                                            : 26
 Flip-Flops                                            : 26

=========================================================================

=========================================================================
*                           Partition Report                            *
=========================================================================

Partition Implementation Status
-------------------------------

  No Partitions were found in this design.

-------------------------------

=========================================================================
*                            Design Summary                             *
=========================================================================

Top Level Output File Name         : led_bank2_noclk.ngc

Primitive and Black Box Usage:
------------------------------
# BELS                             : 84
#      GND                         : 1
#      INV                         : 1
#      LUT1                        : 30
#      MUXCY                       : 25
#      VCC                         : 1
#      XORCY                       : 26
# FlipFlops/Latches                : 26
#      FD                          : 26
# IO Buffers                       : 60
#      OBUF                        : 60

Device utilization summary:
---------------------------

Selected Device : 6slx16csg324-2 


Slice Logic Utilization: 
 Number of Slice Registers:              26  out of  18224     0%  
 Number of Slice LUTs:                   31  out of   9112     0%  
    Number used as Logic:                31  out of   9112     0%  

Slice Logic Distribution: 
 Number of LUT Flip Flop pairs used:     31
   Number with an unused Flip Flop:       5  out of     31    16%  
   Number with an unused LUT:             0  out of     31     0%  
   Number of fully used LUT-FF pairs:    26  out of     31    83%  
   Number of unique control sets:         1

IO Utilization: 
 Number of IOs:                          60
 Number of bonded IOBs:                  60  out of    232    25%  

Specific Feature Utilization:

---------------------------
Partition Resource Summary:
---------------------------

  No Partitions were found in this design.

---------------------------


=========================================================================
Timing Report

NOTE: THESE TIMING NUMBERS ARE ONLY A SYNTHESIS ESTIMATE.
      FOR ACCURATE TIMING INFORMATION PLEASE REFER TO THE TRACE REPORT
      GENERATED AFTER PLACE-and-ROUTE.

Clock Information:
------------------
-----------------------------------+------------------------+-------+
Clock Signal                       | Clock buffer(FF name)  | Load  |
-----------------------------------+------------------------+-------+
ro4(inv4:O)                        | NONE(*)(div_0)         | 26    |
-----------------------------------+------------------------+-------+
(*) This 1 clock signal(s) are generated by combinatorial logic,
and XST is not able to identify which are the primary clock signals.
Please use the CLOCK_SIGNAL constraint to specify the clock signal(s) generated by combinatorial logic.
INFO:Xst:2169 - HDL ADVISOR - Some clock signals were not automatically buffered by XST with BUFG/BUFR resources. Please use the buffer_type constraint in order to insert these buffers to the clock signals to help prevent skew problems.

Asynchronous Control Signals Information:
----------------------------------------
No asynchronous control signals found in this design

Timing Summary:
---------------
Speed Grade: -2

   Minimum period: 2.908ns (Maximum Frequency: 343.836MHz)
   Minimum input arrival time before clock: No path found
   Maximum output required time after clock: 5.342ns
   Maximum combinational path delay: No path found

Timing Details:
---------------
All values displayed in nanoseconds (ns)

=========================================================================
Timing constraint: Default period analysis for Clock 'ro4'
  Clock period: 2.908ns (frequency: 343.836MHz)
  Total number of paths / destination ports: 351 / 26
-------------------------------------------------------------------------
Delay:               2.908ns (Levels of Logic = 2)
  Source:            div_25 (FF)
  Destination:       div_25 (FF)
  Source Clock:      ro4 falling
  Destination Clock: ro4 falling

  Data Path: div_25 to div_25
                                Gate     Net
    Cell:in->out      fanout   Delay   Delay  Logical Name (Net Name)
    ----------------------------------------  ------------
     FD:C->Q              61   0.525   1.906  div_25 (div_25)
     LUT1:I0->O            0   0.254   0.000  Mcount_div_xor<25>_rt (Mcount_div_xor<25>_rt)
     XORCY:LI->O           1   0.149   0.000  Mcount_div_xor<25> (Result<25>)
     FD:D                      0.074          div_25
    ----------------------------------------
    Total                      2.908ns (1.002ns logic, 1.906ns route)
                                       (34.5% logic, 65.5% route)

=========================================================================
Timing constraint: Default OFFSET OUT AFTER for Clock 'ro4'
  Total number of paths / destination ports: 60 / 60
-------------------------------------------------------------------------
Offset:              5.342ns (Levels of Logic = 1)
  Source:            div_25 (FF)
  Destination:       p<59> (PAD)
  Source Clock:      ro4 falling

  Data Path: div_25 to p<59>
                                Gate     Net
    Cell:in->out      fanout   Delay   Delay  Logical Name (Net Name)
    ----------------------------------------  ------------
     FD:C->Q              61   0.525   1.905  div_25 (div_25)
     OBUF:I->O                 2.912          p_59_OBUF (p<59>)
    ----------------------------------------
    Total                      5.342ns (3.437ns logic, 1.905ns route)
                                       (64.3% logic, 35.7% route)

=========================================================================

Cross Clock Domains Report:
--------------------------

Clock to Setup on destination clock ro4
---------------+---------+---------+---------+---------+
               | Src:Rise| Src:Fall| Src:Rise| Src:Fall|
Source Clock   |Dest:Rise|Dest:Rise|Dest:Fall|Dest:Fall|
---------------+---------+---------+---------+---------+
ro4            |         |         |    2.908|         |
---------------+---------+---------+---------+---------+

=========================================================================


Total REAL time to Xst completion: 2.00 secs
Total CPU time to Xst completion: 1.53 secs
 
--> 


Total memory usage is 375636 kilobytes

Number of errors   :    0 (   0 filtered)
Number of warnings :    3 (   0 filtered)
Number of infos    :    2 (   0 filtered)

