Release 14.7 Map P.20131013 (lin64)
Xilinx Map Application Log File for Design 'led_bank2_noclk'

Design Information
------------------
Command Line   : map -intstyle ise -p xc6slx16-csg324-2 -w -logic_opt off -ol
high -t 1 -xt 0 -register_duplication off -r 4 -global_opt off -mt off -ir off
-pr off -lc off -power off -o led_bank2_noclk_map.ncd led_bank2_noclk.ngd
led_bank2_noclk.pcf 
Target Device  : xc6slx16
Target Package : csg324
Target Speed   : -2
Mapper Version : spartan6 -- $Revision: 1.55 $
Mapped Date    : Sun May 17 05:51:40 2026

Mapping design into LUTs...
WARNING:MapLib:701 - Signal p<59> connected to top level port p<59> has been
   removed.
WARNING:MapLib:701 - Signal p<58> connected to top level port p<58> has been
   removed.
WARNING:MapLib:701 - Signal p<57> connected to top level port p<57> has been
   removed.
WARNING:MapLib:701 - Signal p<56> connected to top level port p<56> has been
   removed.
WARNING:MapLib:701 - Signal p<55> connected to top level port p<55> has been
   removed.
WARNING:MapLib:701 - Signal p<54> connected to top level port p<54> has been
   removed.
WARNING:MapLib:701 - Signal p<53> connected to top level port p<53> has been
   removed.
WARNING:MapLib:701 - Signal p<52> connected to top level port p<52> has been
   removed.
WARNING:MapLib:701 - Signal p<51> connected to top level port p<51> has been
   removed.
WARNING:MapLib:701 - Signal p<50> connected to top level port p<50> has been
   removed.
WARNING:MapLib:701 - Signal p<49> connected to top level port p<49> has been
   removed.
WARNING:MapLib:701 - Signal p<48> connected to top level port p<48> has been
   removed.
WARNING:MapLib:701 - Signal p<47> connected to top level port p<47> has been
   removed.
WARNING:MapLib:701 - Signal p<46> connected to top level port p<46> has been
   removed.
WARNING:MapLib:701 - Signal p<45> connected to top level port p<45> has been
   removed.
WARNING:MapLib:701 - Signal p<44> connected to top level port p<44> has been
   removed.
WARNING:MapLib:701 - Signal p<43> connected to top level port p<43> has been
   removed.
WARNING:MapLib:701 - Signal p<42> connected to top level port p<42> has been
   removed.
WARNING:MapLib:701 - Signal p<41> connected to top level port p<41> has been
   removed.
WARNING:MapLib:701 - Signal p<40> connected to top level port p<40> has been
   removed.
WARNING:MapLib:701 - Signal p<39> connected to top level port p<39> has been
   removed.
WARNING:MapLib:701 - Signal p<38> connected to top level port p<38> has been
   removed.
WARNING:MapLib:701 - Signal p<37> connected to top level port p<37> has been
   removed.
WARNING:MapLib:701 - Signal p<36> connected to top level port p<36> has been
   removed.
WARNING:MapLib:701 - Signal p<35> connected to top level port p<35> has been
   removed.
WARNING:MapLib:701 - Signal p<34> connected to top level port p<34> has been
   removed.
WARNING:MapLib:701 - Signal p<33> connected to top level port p<33> has been
   removed.
WARNING:MapLib:701 - Signal p<32> connected to top level port p<32> has been
   removed.
WARNING:MapLib:701 - Signal p<31> connected to top level port p<31> has been
   removed.
WARNING:MapLib:701 - Signal p<30> connected to top level port p<30> has been
   removed.
WARNING:MapLib:701 - Signal p<29> connected to top level port p<29> has been
   removed.
WARNING:MapLib:701 - Signal p<28> connected to top level port p<28> has been
   removed.
WARNING:MapLib:701 - Signal p<27> connected to top level port p<27> has been
   removed.
WARNING:MapLib:701 - Signal p<26> connected to top level port p<26> has been
   removed.
WARNING:MapLib:701 - Signal p<25> connected to top level port p<25> has been
   removed.
WARNING:MapLib:701 - Signal p<24> connected to top level port p<24> has been
   removed.
WARNING:MapLib:701 - Signal p<23> connected to top level port p<23> has been
   removed.
WARNING:MapLib:701 - Signal p<22> connected to top level port p<22> has been
   removed.
WARNING:MapLib:701 - Signal p<21> connected to top level port p<21> has been
   removed.
WARNING:MapLib:701 - Signal p<20> connected to top level port p<20> has been
   removed.
WARNING:MapLib:701 - Signal p<19> connected to top level port p<19> has been
   removed.
WARNING:MapLib:701 - Signal p<18> connected to top level port p<18> has been
   removed.
WARNING:MapLib:701 - Signal p<17> connected to top level port p<17> has been
   removed.
WARNING:MapLib:701 - Signal p<16> connected to top level port p<16> has been
   removed.
WARNING:MapLib:701 - Signal p<15> connected to top level port p<15> has been
   removed.
WARNING:MapLib:701 - Signal p<14> connected to top level port p<14> has been
   removed.
WARNING:MapLib:701 - Signal p<13> connected to top level port p<13> has been
   removed.
WARNING:MapLib:701 - Signal p<12> connected to top level port p<12> has been
   removed.
WARNING:MapLib:701 - Signal p<11> connected to top level port p<11> has been
   removed.
WARNING:MapLib:701 - Signal p<10> connected to top level port p<10> has been
   removed.
WARNING:MapLib:701 - Signal p<9> connected to top level port p<9> has been
   removed.
WARNING:MapLib:701 - Signal p<8> connected to top level port p<8> has been
   removed.
WARNING:MapLib:701 - Signal p<7> connected to top level port p<7> has been
   removed.
WARNING:MapLib:701 - Signal p<6> connected to top level port p<6> has been
   removed.
WARNING:MapLib:701 - Signal p<5> connected to top level port p<5> has been
   removed.
WARNING:MapLib:701 - Signal p<4> connected to top level port p<4> has been
   removed.
WARNING:MapLib:701 - Signal p<3> connected to top level port p<3> has been
   removed.
WARNING:MapLib:701 - Signal p<2> connected to top level port p<2> has been
   removed.
WARNING:MapLib:701 - Signal p<1> connected to top level port p<1> has been
   removed.
WARNING:MapLib:701 - Signal p<0> connected to top level port p<0> has been
   removed.
Running directed packing...
Running delay-based LUT packing...
ERROR:Pack:198 - NCD was not produced.  All logic was removed from the design. 
   This is usually due to having no input or output PAD connections in the
   design and no nets or symbols marked as 'SAVE'.  You can either add PADs or
   'SAVE' attributes to the design, or run 'map -u' to disable logic trimming in
   the mapper.  For more information on trimming issues search the Xilinx
   Answers database for "ERROR:Pack:198" and read the Master Answer Record for
   MAP Trimming Issues.

Mapping completed.
See MAP report file "led_bank2_noclk_map.mrp" for details.
Problem encountered during the packing phase.

Design Summary
--------------
Number of errors   :   1
Number of warnings :  60
